SC> sysprop command_processor flex_license_dll)=^C:\ARC\MetaWare\arc/../../license/bin/flex.dll^ flex_license_file)=^1650@arc1.arc.com^ 
SC> sysprop command_processor onlinedocfile)=^C:\ARC\MetaWare\arc/docs/pdf/contents.pdf^ 
SC> sysprop command_processor DOCDIR)=#C:\ARC\MetaWare\arc/docs/pdf# 
SC> sysprop command_processor WHICHARC=a5_
SC> sysprop command_processor onlinereadme)=^C:\ARC\MetaWare\arc/mdb/doc/seecode.txt^ 
SC> sysprop command_processor idename=MetaDeveloper:EditMsg,Workbench 
SC> sysdef ARC_simulator 
SC> sysdef BRC_simulator 
SC> sysprop ARC_hardware icnts=1 killeds=1 delay_killeds=1 semint)=^C:\ARC\MetaWare\arc/bin/mwprof^ semint)=^C:\ARC\MetaWare\arc/bin/archw^ port=0x378 include_local_symbols=1 include_local_symbols=1 deadbeef=1 dname=MetaWare
SC> sysprop BRC_hardware icnts=1 killeds=1 delay_killeds=1 semint)=^C:\ARC\MetaWare\arc/bin/mwprof^ semint)=^C:\ARC\MetaWare\arc/bin/archw^ port=0x378 include_local_symbols=1 include_local_symbols=1 deadbeef=1 dname=MetaWare
SC> sysprop ARC_simulator arcver=50 simext)=^C:\ARC\MetaWare\arc/bin/mwextlib^ dummy=1 simext)=^C:\ARC\MetaWare\arc/bin/mwextea^ iss_internal_timers=1 xbarrel_shifter=1 xswap=1 xnorm=1 xtimer0=1 timer0_regs=1 xtimer1=1 timer1_regs=1 icnts=1 killeds=1 delay_killeds=1 semint)=^C:\ARC\MetaWare\arc/bin/mwprof^ semint)=^C:\ARC\MetaWare\arc/bin/archw,^ include_local_symbols=1 include_local_symbols=1 deadbeef=1 dname=MetaWare
SC> sysprop BRC_simulator arcver=50 simext)=^C:\ARC\MetaWare\arc/bin/mwextlib^ dummy=1 simext)=^C:\ARC\MetaWare\arc/bin/mwextea^ iss_internal_timers=1 xbarrel_shifter=1 xswap=1 xnorm=1 xtimer0=1 timer0_regs=1 xtimer1=1 timer1_regs=1 icnts=1 killeds=1 delay_killeds=1 semint)=^C:\ARC\MetaWare\arc/bin/mwprof^ semint)=^C:\ARC\MetaWare\arc/bin/archw,^ include_local_symbols=1 include_local_symbols=1 deadbeef=1 dname=MetaWare
SC> sysprop ARC_DLL iss_internal_timers=1 xbarrel_shifter=1 xswap=1 xnorm=1 xtimer0=1 timer0_regs=1 xtimer1=1 timer1_regs=1 ea=1 cloneable=1 icnts=1 killeds=1 delay_killeds=1 semint)=^C:\ARC\MetaWare\arc/bin/mwprof^ semint)=^C:\ARC\MetaWare\arc/bin/archw^ port=0x378 include_local_symbols=1 include_local_symbols=1 deadbeef=1 dname=MetaWare
SC> sysprop BRC_DLL iss_internal_timers=1 xbarrel_shifter=1 xswap=1 xnorm=1 xtimer0=1 timer0_regs=1 xtimer1=1 timer1_regs=1 ea=1 cloneable=1 icnts=1 killeds=1 delay_killeds=1 semint)=^C:\ARC\MetaWare\arc/bin/mwprof^ semint)=^C:\ARC\MetaWare\arc/bin/archw^ port=0x378 include_local_symbols=1 include_local_symbols=1 deadbeef=1 dname=MetaWare
SC> sysprop command_processor include_local_symbols=1 include_local_symbols=1 deadbeef=1 dname=MetaWare
SC> readq ..scrc
SC> sysprop command_processor mdi=1 
Debugging C:\ARC\MetaWare\workspace2\Test1\Debug\Test1.elf on ARCompact Instruction Set Simulator (ARC_simulator).
C:\ARC\MetaWare\workspace2\Test1\Debug\Test1.elf: Process created
Simulator extensions loaded:  
 Extension Library
 Extended Arithmetic
 Enhanced Programmable Timer
Downloading to ARCompact Instruction Set Simulator.
ELF segment #0 addr 0x010000 size 0x005997
ELF segment #1 addr 0x016000 size 0x0010ac
ELF segment #1 addr 0x0170ac zero 0x010870
Semantic inspection loaded: Profiling Plugin.
ELF segment #0 addr 0x010000 size 0x005997	...
ELF segment #1 addr 0x016000 size 0x0010ac	.
ELF segment #1 addr 0x0170ac zero 0x010870	.........
SC> readq ".scrc" 
E> ok_to_load_windows SC> readq "C:\ARC\MetaWare\arc/bin/scrc" 
+SC> 
Breakpoint 1 set.
    1:    0x0100b4 condition:[temporary] main.c!6, main, compile directory C:/ARC/MetaWare/workspace2/Test1, module C:\ARC\MetaWare\workspace2\Test1\Debug\Test1.elf
                   int main(int argc, char **argv) {
Process started    main.c!6: int main(int argc, char **argv) {
    100b4 main         push_s       %r13
Execution stopped at breakpoint.
Breakpoint 1 (break 0x100b4) removed.
Thread ID 100 is not recognized

Shutting down all processes...Done
Server terminating
